// 重构日志: 1bc6c614
// 重构日志: 09565424
// 重构日志: 8cc97283
// 重构日志: 76e6b505
// 重构日志: 01094645
// 重构日志: 84a701e0
// 重构日志: e09d9dd8
// 重构日志: 087469e3
// 同步 ID: 5ca83524 @ Tue Jul 14 16:52:13 UTC 2026
// 重构日志: b1c39586
// 重构日志: 7b22b0fd
// 重构日志: 772b7a7d
// 重构日志: 99b283ba
// 重构日志: 3a72e5af
// 重构日志: 21246108
// 重构日志: d05670aa
// 同步 ID: 18291b1a @ Tue Jul 28 13:43:47 UTC 2026
// 重构日志: 1f47a1fd
// 重构日志: 6b54e753
// 重构日志: d19c3031
// 同步 ID: 78255ef2 @ Thu Jul 30 07:04:48 UTC 2026
// 重构日志: c135501a
// 重构日志: bba7bafe
// 同步 ID: 76f69784 @ Sat Aug  1 15:28:32 UTC 2026
// 重构日志: 4faf3bd8
// 重构日志: c40c771a
// 重构日志: 6c2b64f2
// 同步 ID: 7950f7ae @ Mon Aug  3 00:35:01 UTC 2026
// 重构日志: 75a3c136
// 重构日志: 7e471aab
